00111000000000000000000000010010
01001100010100000000000000000000
01010100000100000000000000000000
01110100000000000100001000000000
01000111111100001000000000000010
01001100010000001000000000000000
00111000000000000000000000010001
01001100010000011000000000000000
01001100010000011100000000000000
01001100010100100000000000000000
00010000011100100000100100000000
01001100010100101000000000000000
00011000100100101000101100000000
00001000011000101100110000000000
01001100010100010000000000000000
01001100110000010100000000000000
00111000000000000000000000000001
00111111111000000000000000000000
01011100111000000000000000000000
01011000111000000000000000000000
01011100111100000000000000000000
01011000111100000000000000000001
01010001000000000000000000000000
01010001000100000000000000000001
01001101000000010000000000000000
01001101000100010100000000000000
01000011111000000000000000000001
01001100001001001000000000000000
01100001001000000000000000000000
00111000000000000000000000011110
01101000000000000000000000000000
